2025-09-04 13:46:42 - Incorrect password.
2025-09-04 15:03:23 - Incorrect password.
2025-09-04 15:06:20 - Incorrect password.
2025-09-04 15:06:27 - Incorrect password.
2025-09-04 15:06:34 - Incorrect password.
2025-09-04 15:06:38 - Incorrect password.
2025-09-04 15:06:42 - Incorrect password.
2025-09-04 15:16:13 - Incorrect password.
2025-09-08 15:45:02 - Incorrect password.
2025-09-08 16:56:56 - Incorrect password.
2025-09-08 18:20:44 - Incorrect password.
2025-09-10 16:14:45 - Incorrect password.
2025-09-11 16:14:08 - Invalid email address.
2025-09-11 16:14:30 - Invalid email address.
2025-10-02 19:25:47 - Invalid email address.
2025-10-04 08:11:01 - Incorrect password.
2025-10-04 08:11:08 - Incorrect password.
2025-10-04 08:11:12 - Incorrect password.
2025-10-04 08:11:15 - Incorrect password.
2025-10-04 11:41:15 - Incorrect password.
2025-10-04 11:41:25 - Incorrect password.
2025-10-06 09:38:44 - Incorrect password.
2025-10-06 09:39:09 - Incorrect password.
2025-10-06 09:39:24 - Incorrect password.
2025-10-06 09:47:37 - Incorrect password.
2025-10-06 09:47:54 - Incorrect password.
2025-10-15 12:58:31 - Incorrect password.
2025-10-15 12:58:36 - Incorrect password.
2025-11-02 13:52:26 - Incorrect password.
2025-11-04 14:38:56 - Incorrect password.
